2026-08-27 14:50:27,236 - src.assistant - INFO - Received question: Which artist has the most tracks?
2026-08-27 14:50:27,807 - src.assistant - INFO - Question validation passed
2026-08-27 14:50:27,807 - src.assistant - INFO - Generating SQL
2026-08-27 14:50:28,682 - src.assistant - INFO - Generated SQL: SELECT a.Name
FROM Artist a
JOIN Album al ON al.ArtistId = a.ArtistId
JOIN Track t ON t.AlbumId = al.AlbumId
GROUP BY a.ArtistId, a.Name
ORDER BY COUNT(t.TrackId) DESC
LIMIT 1;
2026-08-27 14:50:28,682 - src.assistant - INFO - SQL validation passed
2026-08-27 14:50:28,682 - src.assistant - INFO - Executing SQL
2026-08-27 14:50:28,684 - src.assistant - INFO - SQL executed successfully
2026-08-27 14:50:28,684 - src.assistant - INFO - Generating final answer
2026-08-27 14:50:29,232 - src.assistant - INFO - Answer generated successfully
2026-08-27 14:50:29,233 - src.assistant - INFO - Conversation added to memory
2026-08-27 15:04:35,315 - ai_powered_database_query_assistant.assistant - INFO - Received question: How many customers are there?
2026-08-27 15:04:35,315 - ai_powered_database_query_assistant.assistant - INFO - Question validation passed
2026-08-27 15:04:35,315 - ai_powered_database_query_assistant.assistant - INFO - Generating SQL
2026-08-27 15:04:35,315 - ai_powered_database_query_assistant.assistant - INFO - Generated SQL: SELECT COUNT(*) FROM Customer;
2026-08-27 15:04:35,316 - ai_powered_database_query_assistant.assistant - INFO - SQL validation passed
2026-08-27 15:04:35,316 - ai_powered_database_query_assistant.assistant - INFO - Executing SQL
2026-08-27 15:04:35,316 - ai_powered_database_query_assistant.assistant - INFO - SQL executed successfully
2026-08-27 15:04:35,316 - ai_powered_database_query_assistant.assistant - INFO - Generating final answer
2026-08-27 15:04:35,316 - ai_powered_database_query_assistant.assistant - INFO - Answer generated successfully
2026-08-27 15:04:35,316 - ai_powered_database_query_assistant.assistant - INFO - Conversation added to memory
2026-08-27 15:04:35,317 - ai_powered_database_query_assistant.assistant - INFO - Received question: q
2026-08-27 15:04:35,317 - ai_powered_database_query_assistant.assistant - WARNING - Invalid question rejected: q
2026-08-27 15:04:35,318 - ai_powered_database_query_assistant.assistant - INFO - Received question: Delete all customers
2026-08-27 15:04:35,319 - ai_powered_database_query_assistant.assistant - INFO - Question validation passed
2026-08-27 15:04:35,319 - ai_powered_database_query_assistant.assistant - INFO - Generating SQL
2026-08-27 15:04:35,319 - ai_powered_database_query_assistant.assistant - INFO - Generated SQL: DELETE FROM Customer;
2026-08-27 15:04:35,319 - ai_powered_database_query_assistant.assistant - WARNING - Generated SQL failed validation
2026-08-27 15:04:35,321 - ai_powered_database_query_assistant.assistant - INFO - Received question: Show customers
2026-08-27 15:04:35,321 - ai_powered_database_query_assistant.assistant - INFO - Question validation passed
2026-08-27 15:04:35,321 - ai_powered_database_query_assistant.assistant - INFO - Generating SQL
2026-08-27 15:04:35,321 - ai_powered_database_query_assistant.assistant - INFO - Generated SQL: SELECT * FROM Customers;
2026-08-27 15:04:35,321 - ai_powered_database_query_assistant.assistant - INFO - SQL validation passed
2026-08-27 15:04:35,321 - ai_powered_database_query_assistant.assistant - INFO - Executing SQL
2026-08-27 15:04:35,321 - ai_powered_database_query_assistant.assistant - ERROR - SQL execution failed: no such table: Customers
2026-08-27 15:04:35,321 - ai_powered_database_query_assistant.assistant - INFO - Attempting to fix SQL
2026-08-27 15:04:35,321 - ai_powered_database_query_assistant.assistant - INFO - Fixed SQL: SELECT * FROM Customer;
2026-08-27 15:04:35,321 - ai_powered_database_query_assistant.assistant - INFO - Executing fixed SQL
2026-08-27 15:04:35,321 - ai_powered_database_query_assistant.assistant - INFO - Fixed SQL executed successfully
2026-08-27 15:04:35,321 - ai_powered_database_query_assistant.assistant - INFO - Generating final answer
2026-08-27 15:04:35,321 - ai_powered_database_query_assistant.assistant - INFO - Answer generated successfully
2026-08-27 15:04:35,322 - ai_powered_database_query_assistant.assistant - INFO - Conversation added to memory
2026-08-27 15:04:35,323 - ai_powered_database_query_assistant.assistant - INFO - Received question: Show something
2026-08-27 15:04:35,323 - ai_powered_database_query_assistant.assistant - INFO - Question validation passed
2026-08-27 15:04:35,324 - ai_powered_database_query_assistant.assistant - INFO - Generating SQL
2026-08-27 15:04:35,324 - ai_powered_database_query_assistant.assistant - INFO - Generated SQL: SELECT * FROM WrongTable;
2026-08-27 15:04:35,324 - ai_powered_database_query_assistant.assistant - INFO - SQL validation passed
2026-08-27 15:04:35,324 - ai_powered_database_query_assistant.assistant - INFO - Executing SQL
2026-08-27 15:04:35,324 - ai_powered_database_query_assistant.assistant - ERROR - SQL execution failed: no such table: WrongTable
2026-08-27 15:04:35,324 - ai_powered_database_query_assistant.assistant - INFO - Attempting to fix SQL
2026-08-27 15:04:35,324 - ai_powered_database_query_assistant.assistant - INFO - Fixed SQL: SELECT * FROM AnotherWrongTable;
2026-08-27 15:04:35,324 - ai_powered_database_query_assistant.assistant - INFO - Executing fixed SQL
2026-08-27 15:04:35,324 - ai_powered_database_query_assistant.assistant - ERROR - Fixed SQL execution failed: still invalid SQL
